// Jest Snapshot v1, https://goo.gl/fbAQLP

exports[`Snapshot 1`] = `
<button
  className="count-button"
  type="button"
>
  テスト
</button>
`;
